[browser] Detected `scroll-behavior: smooth` on the `<html>` element. To disable smooth scrolling during route transitions, add `data-scroll-behavior="smooth"` to your <html> element. Learn more: https://nextjs.org/docs/messages/missing-data-scroll-behavior
Failed to proxy http://localhost:8000/api/sign AggregateError: 
    at ignore-listed frames {
  code: 'ECONNREFUSED',
  [errors]: [
    Error: connect ECONNREFUSED ::1:8000
        at <unknown> (Error: connect ECONNREFUSED ::1:8000) {
      errno: -4078,
      code: 'ECONNREFUSED',
      syscall: 'connect',
      address: '::1',
      port: 8000
    },
    Error: connect ECONNREFUSED 127.0.0.1:8000
        at <unknown> (Error: connect ECONNREFUSED 127.0.0.1:8000) {
      errno: -4078,
      code: 'ECONNREFUSED',
      syscall: 'connect',
      address: '127.0.0.1',
      port: 8000
    }
  ]
}
AggregateError: 
    at ignore-listed frames {
  code: 'ECONNREFUSED',
  [errors]: [
    Error: connect ECONNREFUSED ::1:8000
        at <unknown> (Error: connect ECONNREFUSED ::1:8000) {
      errno: -4078,
      code: 'ECONNREFUSED',
      syscall: 'connect',
      address: '::1',
      port: 8000
    },
    Error: connect ECONNREFUSED 127.0.0.1:8000
        at <unknown> (Error: connect ECONNREFUSED 127.0.0.1:8000) {
      errno: -4078,
      code: 'ECONNREFUSED',
      syscall: 'connect',
      address: '127.0.0.1',
      port: 8000
    }
  ]
}
Failed to proxy http://localhost:8000/api/sign AggregateError: 
    at ignore-listed frames {
  code: 'ECONNREFUSED',
  [errors]: [
    Error: connect ECONNREFUSED ::1:8000
        at <unknown> (Error: connect ECONNREFUSED ::1:8000) {
      errno: -4078,
      code: 'ECONNREFUSED',
      syscall: 'connect',
      address: '::1',
      port: 8000
    },
    Error: connect ECONNREFUSED 127.0.0.1:8000
        at <unknown> (Error: connect ECONNREFUSED 127.0.0.1:8000) {
      errno: -4078,
      code: 'ECONNREFUSED',
      syscall: 'connect',
      address: '127.0.0.1',
      port: 8000
    }
  ]
}
AggregateError: 
    at ignore-listed frames {
  code: 'ECONNREFUSED',
  [errors]: [
    Error: connect ECONNREFUSED ::1:8000
        at <unknown> (Error: connect ECONNREFUSED ::1:8000) {
      errno: -4078,
      code: 'ECONNREFUSED',
      syscall: 'connect',
      address: '::1',
      port: 8000
    },
    Error: connect ECONNREFUSED 127.0.0.1:8000
        at <unknown> (Error: connect ECONNREFUSED 127.0.0.1:8000) {
      errno: -4078,
      code: 'ECONNREFUSED',
      syscall: 'connect',
      address: '127.0.0.1',
      port: 8000
    }
  ]
}
Failed to proxy http://localhost:8000/api/sign AggregateError: 
    at ignore-listed frames {
  code: 'ECONNREFUSED',
  [errors]: [
    Error: connect ECONNREFUSED ::1:8000
        at <unknown> (Error: connect ECONNREFUSED ::1:8000) {
      errno: -4078,
      code: 'ECONNREFUSED',
      syscall: 'connect',
      address: '::1',
      port: 8000
    },
    Error: connect ECONNREFUSED 127.0.0.1:8000
        at <unknown> (Error: connect ECONNREFUSED 127.0.0.1:8000) {
      errno: -4078,
      code: 'ECONNREFUSED',
      syscall: 'connect',
      address: '127.0.0.1',
      port: 8000
    }
  ]
}
AggregateError: 
    at ignore-listed frames {
  code: 'ECONNREFUSED',
  [errors]: [
    Error: connect ECONNREFUSED ::1:8000
        at <unknown> (Error: connect ECONNREFUSED ::1:8000) {
      errno: -4078,
      code: 'ECONNREFUSED',
      syscall: 'connect',
      address: '::1',
      port: 8000
    },
    Error: connect ECONNREFUSED 127.0.0.1:8000
        at <unknown> (Error: connect ECONNREFUSED 127.0.0.1:8000) {
      errno: -4078,
      code: 'ECONNREFUSED',
      syscall: 'connect',
      address: '127.0.0.1',
      port: 8000
    }
  ]
}
Failed to proxy http://localhost:8000/api/sign AggregateError: 
    at ignore-listed frames {
  code: 'ECONNREFUSED',
  [errors]: [
    Error: connect ECONNREFUSED ::1:8000
        at <unknown> (Error: connect ECONNREFUSED ::1:8000) {
      errno: -4078,
      code: 'ECONNREFUSED',
      syscall: 'connect',
      address: '::1',
      port: 8000
    },
    Error: connect ECONNREFUSED 127.0.0.1:8000
        at <unknown> (Error: connect ECONNREFUSED 127.0.0.1:8000) {
      errno: -4078,
      code: 'ECONNREFUSED',
      syscall: 'connect',
      address: '127.0.0.1',
      port: 8000
    }
  ]
}
AggregateError: 
    at ignore-listed frames {
  code: 'ECONNREFUSED',
  [errors]: [
    Error: connect ECONNREFUSED ::1:8000
        at <unknown> (Error: connect ECONNREFUSED ::1:8000) {
      errno: -4078,
      code: 'ECONNREFUSED',
      syscall: 'connect',
      address: '::1',
      port: 8000
    },
    Error: connect ECONNREFUSED 127.0.0.1:8000
        at <unknown> (Error: connect ECONNREFUSED 127.0.0.1:8000) {
      errno: -4078,
      code: 'ECONNREFUSED',
      syscall: 'connect',
      address: '127.0.0.1',
      port: 8000
    }
  ]
}
Failed to proxy http://localhost:8000/api/sign AggregateError: 
    at ignore-listed frames {
  code: 'ECONNREFUSED',
  [errors]: [
    Error: connect ECONNREFUSED ::1:8000
        at <unknown> (Error: connect ECONNREFUSED ::1:8000) {
      errno: -4078,
      code: 'ECONNREFUSED',
      syscall: 'connect',
      address: '::1',
      port: 8000
    },
    Error: connect ECONNREFUSED 127.0.0.1:8000
        at <unknown> (Error: connect ECONNREFUSED 127.0.0.1:8000) {
      errno: -4078,
      code: 'ECONNREFUSED',
      syscall: 'connect',
      address: '127.0.0.1',
      port: 8000
    }
  ]
}
AggregateError: 
    at ignore-listed frames {
  code: 'ECONNREFUSED',
  [errors]: [
    Error: connect ECONNREFUSED ::1:8000
        at <unknown> (Error: connect ECONNREFUSED ::1:8000) {
      errno: -4078,
      code: 'ECONNREFUSED',
      syscall: 'connect',
      address: '::1',
      port: 8000
    },
    Error: connect ECONNREFUSED 127.0.0.1:8000
        at <unknown> (Error: connect ECONNREFUSED 127.0.0.1:8000) {
      errno: -4078,
      code: 'ECONNREFUSED',
      syscall: 'connect',
      address: '127.0.0.1',
      port: 8000
    }
  ]
}
Failed to proxy http://localhost:8000/api/sign AggregateError: 
    at ignore-listed frames {
  code: 'ECONNREFUSED',
  [errors]: [
    Error: connect ECONNREFUSED ::1:8000
        at <unknown> (Error: connect ECONNREFUSED ::1:8000) {
      errno: -4078,
      code: 'ECONNREFUSED',
      syscall: 'connect',
      address: '::1',
      port: 8000
    },
    Error: connect ECONNREFUSED 127.0.0.1:8000
        at <unknown> (Error: connect ECONNREFUSED 127.0.0.1:8000) {
      errno: -4078,
      code: 'ECONNREFUSED',
      syscall: 'connect',
      address: '127.0.0.1',
      port: 8000
    }
  ]
}
AggregateError: 
    at ignore-listed frames {
  code: 'ECONNREFUSED',
  [errors]: [
    Error: connect ECONNREFUSED ::1:8000
        at <unknown> (Error: connect ECONNREFUSED ::1:8000) {
      errno: -4078,
      code: 'ECONNREFUSED',
      syscall: 'connect',
      address: '::1',
      port: 8000
    },
    Error: connect ECONNREFUSED 127.0.0.1:8000
        at <unknown> (Error: connect ECONNREFUSED 127.0.0.1:8000) {
      errno: -4078,
      code: 'ECONNREFUSED',
      syscall: 'connect',
      address: '127.0.0.1',
      port: 8000
    }
  ]
}
